34724 execve("/home/mrcool/.deno/bin/deno", ["deno", "eval", "console.log(4)"], 0x7fff8c4e5a28 /* 82 vars */) = 0
34724 brk(NULL)                         = 0x5638a388b000
34724 arch_prctl(0x3001 /* ARCH_??? */, 0x7fff2ef1a020) = -1 EINVAL (Argument invalide)
34724 access("/etc/ld.so.preload", R_OK) = 0
34724 openat(AT_FDCWD, "/etc/ld.so.preload", O_RDONLY|O_CLOEXEC) = 3
34724 newfstatat(3, "", {st_mode=S_IFREG|0644, st_size=0, ...}, AT_EMPTY_PATH) = 0
34724 close(3)                          = 0
34724 openat(AT_FDCWD, "/etc/ld.so.cache", O_RDONLY|O_CLOEXEC) = 3
34724 newfstatat(3, "", {st_mode=S_IFREG|0644, st_size=281835, ...}, AT_EMPTY_PATH) = 0
34724 mmap(NULL, 281835, PROT_READ, MAP_PRIVATE, 3, 0) = 0x7f46c0487000
34724 close(3)                          = 0
34724 openat(AT_FDCWD, "/usr/lib/libdl.so.2", O_RDONLY|O_CLOEXEC) = 3
34724 read(3, "\177ELF\2\1\1\0\0\0\0\0\0\0\0\0\3\0>\0\1\0\0\0\0\0\0\0\0\0\0\0"..., 832) = 832
34724 newfstatat(3, "", {st_mode=S_IFREG|0755, st_size=14416, ...}, AT_EMPTY_PATH) = 0
34724 mmap(NULL, 8192, PROT_READ|PROT_WRITE, MAP_PRIVATE|MAP_ANONYMOUS, -1, 0) = 0x7f46c0485000
34724 mmap(NULL, 16400, PROT_READ, MAP_PRIVATE|MAP_DENYWRITE, 3, 0) = 0x7f46c0480000
34724 mmap(0x7f46c0481000, 4096, PROT_READ|PROT_EXEC, MAP_PRIVATE|MAP_FIXED|MAP_DENYWRITE, 3, 0x1000) = 0x7f46c0481000
34724 mmap(0x7f46c0482000, 4096, PROT_READ, MAP_PRIVATE|MAP_FIXED|MAP_DENYWRITE, 3, 0x2000) = 0x7f46c0482000
34724 mmap(0x7f46c0483000, 8192, PROT_READ|PROT_WRITE, MAP_PRIVATE|MAP_FIXED|MAP_DENYWRITE, 3, 0x2000) = 0x7f46c0483000
34724 close(3)                          = 0
34724 openat(AT_FDCWD, "/usr/lib/libgcc_s.so.1", O_RDONLY|O_CLOEXEC) = 3
34724 read(3, "\177ELF\2\1\1\0\0\0\0\0\0\0\0\0\3\0>\0\1\0\0\0\0\0\0\0\0\0\0\0"..., 832) = 832
34724 newfstatat(3, "", {st_mode=S_IFREG|0644, st_size=728128, ...}, AT_EMPTY_PATH) = 0
34724 mmap(NULL, 147912, PROT_READ, MAP_PRIVATE|MAP_DENYWRITE, 3, 0) = 0x7f46c045b000
34724 mmap(0x7f46c045f000, 110592, PROT_READ|PROT_EXEC, MAP_PRIVATE|MAP_FIXED|MAP_DENYWRITE, 3, 0x4000) = 0x7f46c045f000
34724 mmap(0x7f46c047a000, 16384, PROT_READ, MAP_PRIVATE|MAP_FIXED|MAP_DENYWRITE, 3, 0x1f000) = 0x7f46c047a000
34724 mmap(0x7f46c047e000, 8192, PROT_READ|PROT_WRITE, MAP_PRIVATE|MAP_FIXED|MAP_DENYWRITE, 3, 0x22000) = 0x7f46c047e000
34724 close(3)                          = 0
34724 openat(AT_FDCWD, "/usr/lib/libpthread.so.0", O_RDONLY|O_CLOEXEC) = 3
34724 read(3, "\177ELF\2\1\1\0\0\0\0\0\0\0\0\0\3\0>\0\1\0\0\0\0\0\0\0\0\0\0\0"..., 832) = 832
34724 newfstatat(3, "", {st_mode=S_IFREG|0755, st_size=14424, ...}, AT_EMPTY_PATH) = 0
34724 mmap(NULL, 16400, PROT_READ, MAP_PRIVATE|MAP_DENYWRITE, 3, 0) = 0x7f46c0456000
34724 mmap(0x7f46c0457000, 4096, PROT_READ|PROT_EXEC, MAP_PRIVATE|MAP_FIXED|MAP_DENYWRITE, 3, 0x1000) = 0x7f46c0457000
34724 mmap(0x7f46c0458000, 4096, PROT_READ, MAP_PRIVATE|MAP_FIXED|MAP_DENYWRITE, 3, 0x2000) = 0x7f46c0458000
34724 mmap(0x7f46c0459000, 8192, PROT_READ|PROT_WRITE, MAP_PRIVATE|MAP_FIXED|MAP_DENYWRITE, 3, 0x2000) = 0x7f46c0459000
34724 close(3)                          = 0
34724 openat(AT_FDCWD, "/usr/lib/libm.so.6", O_RDONLY|O_CLOEXEC) = 3
34724 read(3, "\177ELF\2\1\1\3\0\0\0\0\0\0\0\0\3\0>\0\1\0\0\0\0\0\0\0\0\0\0\0"..., 832) = 832
34724 newfstatat(3, "", {st_mode=S_IFREG|0755, st_size=965088, ...}, AT_EMPTY_PATH) = 0
34724 mmap(NULL, 966952, PROT_READ, MAP_PRIVATE|MAP_DENYWRITE, 3, 0) = 0x7f46c0369000
34724 mmap(0x7f46c0377000, 520192, PROT_READ|PROT_EXEC, MAP_PRIVATE|MAP_FIXED|MAP_DENYWRITE, 3, 0xe000) = 0x7f46c0377000
34724 mmap(0x7f46c03f6000, 385024, PROT_READ, MAP_PRIVATE|MAP_FIXED|MAP_DENYWRITE, 3, 0x8d000) = 0x7f46c03f6000
34724 mmap(0x7f46c0454000, 8192, PROT_READ|PROT_WRITE, MAP_PRIVATE|MAP_FIXED|MAP_DENYWRITE, 3, 0xea000) = 0x7f46c0454000
34724 close(3)                          = 0
34724 openat(AT_FDCWD, "/usr/lib/libc.so.6", O_RDONLY|O_CLOEXEC) = 3
34724 read(3, "\177ELF\2\1\1\3\0\0\0\0\0\0\0\0\3\0>\0\1\0\0\0\20:\2\0\0\0\0\0"..., 832) = 832
34724 pread64(3, "\6\0\0\0\4\0\0\0@\0\0\0\0\0\0\0@\0\0\0\0\0\0\0@\0\0\0\0\0\0\0"..., 784, 64) = 784
34724 newfstatat(3, "", {st_mode=S_IFREG|0755, st_size=1961632, ...}, AT_EMPTY_PATH) = 0
34724 pread64(3, "\6\0\0\0\4\0\0\0@\0\0\0\0\0\0\0@\0\0\0\0\0\0\0@\0\0\0\0\0\0\0"..., 784, 64) = 784
34724 mmap(NULL, 2006640, PROT_READ, MAP_PRIVATE|MAP_DENYWRITE, 3, 0) = 0x7f46c017f000
34724 mmap(0x7f46c01a1000, 1429504, PROT_READ|PROT_EXEC, MAP_PRIVATE|MAP_FIXED|MAP_DENYWRITE, 3, 0x22000) = 0x7f46c01a1000
34724 mmap(0x7f46c02fe000, 360448, PROT_READ, MAP_PRIVATE|MAP_FIXED|MAP_DENYWRITE, 3, 0x17f000) = 0x7f46c02fe000
34724 mmap(0x7f46c0356000, 24576, PROT_READ|PROT_WRITE, MAP_PRIVATE|MAP_FIXED|MAP_DENYWRITE, 3, 0x1d6000) = 0x7f46c0356000
34724 mmap(0x7f46c035c000, 52848, PROT_READ|PROT_WRITE, MAP_PRIVATE|MAP_FIXED|MAP_ANONYMOUS, -1, 0) = 0x7f46c035c000
34724 close(3)                          = 0
34724 mmap(NULL, 8192, PROT_READ|PROT_WRITE, MAP_PRIVATE|MAP_ANONYMOUS, -1, 0) = 0x7f46c017d000
34724 mmap(NULL, 12288, PROT_READ|PROT_WRITE, MAP_PRIVATE|MAP_ANONYMOUS, -1, 0) = 0x7f46c017a000
34724 arch_prctl(ARCH_SET_FS, 0x7f46c017ae80) = 0
34724 set_tid_address(0x7f46c017b150)   = 34724
34724 set_robust_list(0x7f46c017b160, 24) = 0
34724 rseq(0x7f46c017b7a0, 0x20, 0, 0x53053053) = 0
34724 mprotect(0x7f46c0356000, 16384, PROT_READ) = 0
34724 mprotect(0x7f46c0454000, 4096, PROT_READ) = 0
34724 mprotect(0x7f46c0459000, 4096, PROT_READ) = 0
34724 mprotect(0x7f46c047e000, 4096, PROT_READ) = 0
34724 mprotect(0x7f46c0483000, 4096, PROT_READ) = 0
34724 mprotect(0x5638a2504000, 1630208, PROT_READ) = 0
34724 mprotect(0x7f46c04fd000, 8192, PROT_READ) = 0
34724 prlimit64(0, RLIMIT_STACK, NULL, {rlim_cur=8192*1024, rlim_max=RLIM64_INFINITY}) = 0
34724 munmap(0x7f46c0487000, 281835)    = 0
34724 gettid()                          = 34724
34724 gettid()                          = 34724
34724 gettid()                          = 34724
34724 gettid()                          = 34724
34724 poll([{fd=0, events=0}, {fd=1, events=0}, {fd=2, events=0}], 3, 0) = 0 (Timeout)
34724 rt_sigaction(SIGPIPE, {sa_handler=SIG_IGN, sa_mask=[PIPE], sa_flags=SA_RESTORER|SA_RESTART, sa_restorer=0x7f46c01b8ab0}, {sa_handler=SIG_DFL, sa_mask=[], sa_flags=0}, 8) = 0
34724 rt_sigaction(SIGSEGV, NULL, {sa_handler=SIG_DFL, sa_mask=[], sa_flags=0}, 8) = 0
34724 rt_sigaction(SIGSEGV, {sa_handler=0x5638a0de6130, sa_mask=[], sa_flags=SA_RESTORER|SA_ONSTACK|SA_SIGINFO, sa_restorer=0x7f46c01b8ab0}, NULL, 8) = 0
34724 rt_sigaction(SIGBUS, NULL, {sa_handler=SIG_DFL, sa_mask=[], sa_flags=0}, 8) = 0
34724 rt_sigaction(SIGBUS, {sa_handler=0x5638a0de6130, sa_mask=[], sa_flags=SA_RESTORER|SA_ONSTACK|SA_SIGINFO, sa_restorer=0x7f46c01b8ab0}, NULL, 8) = 0
34724 sigaltstack(NULL, {ss_sp=NULL, ss_flags=SS_DISABLE, ss_size=0}) = 0
34724 mmap(NULL, 12288, PROT_READ|PROT_WRITE, MAP_PRIVATE|MAP_ANONYMOUS|MAP_STACK, -1, 0) = 0x7f46c04c9000
34724 mprotect(0x7f46c04c9000, 4096, PROT_NONE) = 0
34724 sigaltstack({ss_sp=0x7f46c04ca000, ss_flags=0, ss_size=8192}, NULL) = 0
34724 getrandom("\x06\xf6\xe6\xcc\xed\xcb\x59\xf9", 8, GRND_NONBLOCK) = 8
34724 brk(NULL)                         = 0x5638a388b000
34724 brk(0x5638a38ac000)               = 0x5638a38ac000
34724 openat(AT_FDCWD, "/proc/self/maps", O_RDONLY|O_CLOEXEC) = 3
34724 prlimit64(0, RLIMIT_STACK, NULL, {rlim_cur=8192*1024, rlim_max=RLIM64_INFINITY}) = 0
34724 newfstatat(3, "", {st_mode=S_IFREG|0444, st_size=0, ...}, AT_EMPTY_PATH) = 0
34724 read(3, "56389d977000-56389fd72000 r--p 0"..., 1024) = 1024
34724 read(3, "usr/lib/libc.so.6\n7f46c035c000-7"..., 1024) = 1024
34724 read(3, "5b000-7f46c045f000 r--p 00000000"..., 1024) = 1024
34724 read(3, "00 00:00 0 \n7f46c04ca000-7f46c04"..., 1024) = 901
34724 close(3)                          = 0
34724 sched_getaffinity(34724, 32, [0 1 2 3]) = 8
34724 prlimit64(0, RLIMIT_NOFILE, NULL, {rlim_cur=1024*1024, rlim_max=1024*1024}) = 0
34724 getrandom("\x0a\xbb\x3e\x40\x4e\xac\x13\x75\xdf\xe7\x60\xc3\xd0\x6d\x65\x5b", 16, GRND_INSECURE) = 16
34724 epoll_create1(EPOLL_CLOEXEC)      = 3
34724 eventfd2(0, EFD_CLOEXEC|EFD_NONBLOCK) = 4
34724 epoll_ctl(3, EPOLL_CTL_ADD, 4, {events=EPOLLIN|EPOLLRDHUP|EPOLLET, data={u32=2147483648, u64=2147483648}}) = 0
34724 fcntl(3, F_DUPFD_CLOEXEC, 3)      = 5
34724 socketpair(AF_UNIX, SOCK_STREAM|SOCK_CLOEXEC|SOCK_NONBLOCK, 0, [6, 7]) = 0
34724 fcntl(6, F_DUPFD_CLOEXEC, 3)      = 8
34724 epoll_ctl(5, EPOLL_CTL_ADD, 8, {events=EPOLLIN|EPOLLRDHUP|EPOLLET, data={u32=2147483649, u64=2147483649}}) = 0
34724 write(4, "\1\0\0\0\0\0\0\0", 8)   = 8
34724 readlink("/proc/self/exe", "/home/mrcool/.deno/bin/deno", 256) = 27
34724 openat(AT_FDCWD, "/home/mrcool/.deno/bin/deno", O_RDONLY|O_CLOEXEC) = 9
34724 lseek(9, -40, SEEK_END)           = 114274160
34724 read(9, "\261\v\314\5\0\0\0\0\244\227\3\1\0\0\0\0\0\0\0\0\0\0\0\0\1\0\0\0\0\0\0\0"..., 8192) = 40
34724 close(9)                          = 0
34724 brk(0x5638a38d2000)               = 0x5638a38d2000
34724 ioctl(2, TCGETS, {c_iflag=ICRNL, c_oflag=NL0|CR0|TAB0|BS0|VT0|FF0|OPOST|ONLCR, c_cflag=B38400|CS8|CREAD, c_lflag=ISIG|ICANON|ECHO|ECHOE|ECHOK|IEXTEN|ECHOCTL|ECHOKE, ...}) = 0
34724 getcwd("/home/mrcool/dev/tree-sitter/tree-sitter-strace", 512) = 48
34724 openat(AT_FDCWD, "/home/mrcool/dev/tree-sitter/tree-sitter-strace/deno.json", O_RDONLY|O_CLOEXEC) = -1 ENOENT (Aucun fichier ou dossier de ce type)
34724 openat(AT_FDCWD, "/home/mrcool/dev/tree-sitter/tree-sitter-strace/deno.jsonc", O_RDONLY|O_CLOEXEC) = -1 ENOENT (Aucun fichier ou dossier de ce type)
34724 openat(AT_FDCWD, "/home/mrcool/dev/tree-sitter/deno.json", O_RDONLY|O_CLOEXEC) = -1 ENOENT (Aucun fichier ou dossier de ce type)
34724 openat(AT_FDCWD, "/home/mrcool/dev/tree-sitter/deno.jsonc", O_RDONLY|O_CLOEXEC) = -1 ENOENT (Aucun fichier ou dossier de ce type)
34724 openat(AT_FDCWD, "/home/mrcool/dev/deno.json", O_RDONLY|O_CLOEXEC) = -1 ENOENT (Aucun fichier ou dossier de ce type)
34724 openat(AT_FDCWD, "/home/mrcool/dev/deno.jsonc", O_RDONLY|O_CLOEXEC) = -1 ENOENT (Aucun fichier ou dossier de ce type)
34724 openat(AT_FDCWD, "/home/mrcool/deno.json", O_RDONLY|O_CLOEXEC) = -1 ENOENT (Aucun fichier ou dossier de ce type)
34724 openat(AT_FDCWD, "/home/mrcool/deno.jsonc", O_RDONLY|O_CLOEXEC) = -1 ENOENT (Aucun fichier ou dossier de ce type)
34724 openat(AT_FDCWD, "/home/deno.json", O_RDONLY|O_CLOEXEC) = -1 ENOENT (Aucun fichier ou dossier de ce type)
34724 openat(AT_FDCWD, "/home/deno.jsonc", O_RDONLY|O_CLOEXEC) = -1 ENOENT (Aucun fichier ou dossier de ce type)
34724 openat(AT_FDCWD, "/deno.json", O_RDONLY|O_CLOEXEC) = -1 ENOENT (Aucun fichier ou dossier de ce type)
34724 openat(AT_FDCWD, "/deno.jsonc", O_RDONLY|O_CLOEXEC) = -1 ENOENT (Aucun fichier ou dossier de ce type)
34724 getcwd("/home/mrcool/dev/tree-sitter/tree-sitter-strace", 512) = 48
34724 openat(AT_FDCWD, "/home/mrcool/dev/tree-sitter/tree-sitter-strace/package.json", O_RDONLY|O_CLOEXEC) = 9
34724 statx(9, "", AT_STATX_SYNC_AS_STAT|AT_EMPTY_PATH, STATX_ALL, {stx_mask=STATX_ALL|STATX_MNT_ID, stx_attributes=0, stx_mode=S_IFREG|0644, stx_size=677, ...}) = 0
34724 read(9, "{\n  \"name\": \"tree-sitter-strace\""..., 677) = 677
34724 read(9, "", 32)                   = 0
34724 close(9)                          = 0
34724 readlink("/home", 0x7fff2eeef880, 1023) = -1 EINVAL (Argument invalide)
34724 readlink("/home/mrcool", 0x7fff2eeef880, 1023) = -1 EINVAL (Argument invalide)
34724 readlink("/home/mrcool/dev", 0x7fff2eeef880, 1023) = -1 EINVAL (Argument invalide)
34724 readlink("/home/mrcool/dev/tree-sitter", 0x7fff2eeef880, 1023) = -1 EINVAL (Argument invalide)
34724 readlink("/home/mrcool/dev/tree-sitter/tree-sitter-strace", 0x7fff2eeef880, 1023) = -1 EINVAL (Argument invalide)
34724 readlink("/home/mrcool/dev/tree-sitter/tree-sitter-strace/node_modules", 0x7fff2eeef880, 1023) = -1 EINVAL (Argument invalide)
34724 statx(AT_FDCWD, "/home/mrcool/.cache/deno/npm", AT_STATX_SYNC_AS_STAT, STATX_ALL, {stx_mask=STATX_ALL|STATX_MNT_ID, stx_attributes=0, stx_mode=S_IFDIR|0755, stx_size=4096, ...}) = 0
34724 readlink("/home", 0x7fff2eef0e20, 1023) = -1 EINVAL (Argument invalide)
34724 readlink("/home/mrcool", 0x7fff2eef0e20, 1023) = -1 EINVAL (Argument invalide)
34724 readlink("/home/mrcool/.cache", 0x7fff2eef0e20, 1023) = -1 EINVAL (Argument invalide)
34724 readlink("/home/mrcool/.cache/deno", 0x7fff2eef0e20, 1023) = -1 EINVAL (Argument invalide)
34724 readlink("/home/mrcool/.cache/deno/npm", 0x7fff2eef0e20, 1023) = -1 EINVAL (Argument invalide)
34724 rt_sigaction(SIGRT_1, {sa_handler=0x7f46c0203770, sa_mask=[], sa_flags=SA_RESTORER|SA_ONSTACK|SA_RESTART|SA_SIGINFO, sa_restorer=0x7f46c01b8ab0}, NULL, 8) = 0
34724 rt_sigprocmask(SIG_UNBLOCK, [RTMIN RT_1], NULL, 8) = 0
34724 mmap(NULL, 2101248, PROT_NONE, MAP_PRIVATE|MAP_ANONYMOUS|MAP_STACK, -1, 0) = 0x7f46bff79000
34724 mprotect(0x7f46bff7a000, 2097152, PROT_READ|PROT_WRITE) = 0
34724 rt_sigprocmask(SIG_BLOCK, ~[], [], 8) = 0
34724 clone3({flags=CLONE_VM|CLONE_FS|CLONE_FILES|CLONE_SIGHAND|CLONE_THREAD|CLONE_SYSVSEM|CLONE_SETTLS|CLONE_PARENT_SETTID|CLONE_CHILD_CLEARTID, child_tid=0x7f46c0179990, parent_tid=0x7f46c0179990, exit_signal=0, stack=0x7f46bff79000, stack_size=0x1ff840, tls=0x7f46c01796c0} => {parent_tid=[34725]}, 88) = 34725
34725 rseq(0x7f46c0179fe0, 0x20, 0, 0x53053053 <unfinished ...>
34724 rt_sigprocmask(SIG_SETMASK, [],  <unfinished ...>
34725 <... rseq resumed>)               = 0
34724 <... rt_sigprocmask resumed>NULL, 8) = 0
34725 set_robust_list(0x7f46c01799a0, 24) = 0
34725 rt_sigprocmask(SIG_SETMASK, [],  <unfinished ...>
34724 mmap(NULL, 2101248, PROT_NONE, MAP_PRIVATE|MAP_ANONYMOUS|MAP_STACK, -1, 0 <unfinished ...>
34725 <... rt_sigprocmask resumed>NULL, 8) = 0
34724 <... mmap resumed>)               = 0x7f46bfd78000
34725 sigaltstack(NULL,  <unfinished ...>
34724 mprotect(0x7f46bfd79000, 2097152, PROT_READ|PROT_WRITE <unfinished ...>
34725 <... sigaltstack resumed>{ss_sp=NULL, ss_flags=SS_DISABLE, ss_size=0}) = 0
34724 <... mprotect resumed>)           = 0
34725 mmap(NULL, 12288, PROT_READ|PROT_WRITE, MAP_PRIVATE|MAP_ANONYMOUS|MAP_STACK, -1, 0 <unfinished ...>
34724 rt_sigprocmask(SIG_BLOCK, ~[],  <unfinished ...>
34725 <... mmap resumed>)               = 0x7f46c04c6000
34724 <... rt_sigprocmask resumed>[], 8) = 0
34725 mprotect(0x7f46c04c6000, 4096, PROT_NONE <unfinished ...>
34724 clone3({flags=CLONE_VM|CLONE_FS|CLONE_FILES|CLONE_SIGHAND|CLONE_THREAD|CLONE_SYSVSEM|CLONE_SETTLS|CLONE_PARENT_SETTID|CLONE_CHILD_CLEARTID, child_tid=0x7f46bff78990, parent_tid=0x7f46bff78990, exit_signal=0, stack=0x7f46bfd78000, stack_size=0x1ff840, tls=0x7f46bff786c0} <unfinished ...>
34725 <... mprotect resumed>)           = 0
34725 sigaltstack({ss_sp=0x7f46c04c7000, ss_flags=0, ss_size=8192}, NULL) = 0
34724 <... clone3 resumed> => {parent_tid=[34726]}, 88) = 34726
34726 rseq(0x7f46bff78fe0, 0x20, 0, 0x53053053 <unfinished ...>
34724 rt_sigprocmask(SIG_SETMASK, [],  <unfinished ...>
34725 prctl(PR_SET_NAME, "tokio-runtime-w"... <unfinished ...>
34726 <... rseq resumed>)               = 0
34724 <... rt_sigprocmask resumed>NULL, 8) = 0
34725 <... prctl resumed>)              = 0
34726 set_robust_list(0x7f46bff789a0, 24 <unfinished ...>
34725 mmap(NULL, 134217728, PROT_NONE, MAP_PRIVATE|MAP_ANONYMOUS, -1, 0 <unfinished ...>
34726 <... set_robust_list resumed>)    = 0
34725 <... mmap resumed>)               = 0x7f46b7d78000
34726 rt_sigprocmask(SIG_SETMASK, [],  <unfinished ...>
34725 munmap(0x7f46b7d78000, 2654208 <unfinished ...>
34726 <... rt_sigprocmask resumed>NULL, 8) = 0
34726 sigaltstack(NULL,  <unfinished ...>
34725 <... munmap resumed>)             = 0
34726 <... sigaltstack resumed>{ss_sp=NULL, ss_flags=SS_DISABLE, ss_size=0}) = 0
34725 munmap(0x7f46bc000000, 64454656 <unfinished ...>
34724 openat(AT_FDCWD, "/proc/self/cgroup", O_RDONLY|O_CLOEXEC <unfinished ...>
34726 mmap(NULL, 12288, PROT_READ|PROT_WRITE, MAP_PRIVATE|MAP_ANONYMOUS|MAP_STACK, -1, 0 <unfinished ...>
34725 <... munmap resumed>)             = 0
34724 <... openat resumed>)             = 9
34726 <... mmap resumed>)               = 0x7f46c04c3000
34725 mprotect(0x7f46b8000000, 135168, PROT_READ|PROT_WRITE <unfinished ...>
34724 statx(9, "", AT_STATX_SYNC_AS_STAT|AT_EMPTY_PATH, STATX_ALL,  <unfinished ...>
34726 mprotect(0x7f46c04c3000, 4096, PROT_NONE <unfinished ...>
34724 <... statx resumed>{stx_mask=STATX_BASIC_STATS|STATX_MNT_ID, stx_attributes=0, stx_mode=S_IFREG|0444, stx_size=0, ...}) = 0
34725 <... mprotect resumed>)           = 0
34724 lseek(9, 0, SEEK_CUR <unfinished ...>
34726 <... mprotect resumed>)           = 0
34724 <... lseek resumed>)              = 0
34725 sched_getaffinity(34725, 32,  <unfinished ...>
34724 read(9,  <unfinished ...>
34726 sigaltstack({ss_sp=0x7f46c04c4000, ss_flags=0, ss_size=8192},  <unfinished ...>
34724 <... read resumed>"0::/user.slice/user-1002.slice/u"..., 128) = 89
34725 <... sched_getaffinity resumed>[0 1 2 3]) = 8
34724 read(9,  <unfinished ...>
34726 <... sigaltstack resumed>NULL)    = 0
34724 <... read resumed>"", 39)         = 0
34725 getrandom( <unfinished ...>
34724 close(9 <unfinished ...>
34726 prctl(PR_SET_NAME, "tokio-runtime-w"... <unfinished ...>
34724 <... close resumed>)              = 0
34725 <... getrandom resumed>"\xba\x26\x80\xa5\x96\xf7\x89\xa2\x5a\xd0\x0c\x4f\x6f\xe3\xa9\x03", 16, GRND_INSECURE) = 16
34724 statx(AT_FDCWD, "/sys/fs/cgroup/user.slice/user-1002.slice/user@1002.service/app.slice/app-gnome-wezterm-28525.scope/cgroup.controllers", AT_STATX_SYNC_AS_STAT, STATX_ALL,  <unfinished ...>
34726 <... prctl resumed>)              = 0
34724 <... statx resumed>{stx_mask=STATX_BASIC_STATS|STATX_MNT_ID, stx_attributes=0, stx_mode=S_IFREG|0444, stx_size=0, ...}) = 0
34726 mmap(NULL, 134217728, PROT_NONE, MAP_PRIVATE|MAP_ANONYMOUS, -1, 0 <unfinished ...>
34724 openat(AT_FDCWD, "/sys/fs/cgroup/user.slice/user-1002.slice/user@1002.service/app.slice/app-gnome-wezterm-28525.scope/cpu.max", O_RDONLY|O_CLOEXEC <unfinished ...>
34726 <... mmap resumed>)               = 0x7f46b0000000
34724 <... openat resumed>)             = -1 ENOENT (Aucun fichier ou dossier de ce type)
34726 munmap(0x7f46b4000000, 67108864 <unfinished ...>
34725 lstat("/home",  <unfinished ...>
34724 openat(AT_FDCWD, "/sys/fs/cgroup/user.slice/user-1002.slice/user@1002.service/app.slice/cpu.max", O_RDONLY|O_CLOEXEC <unfinished ...>
34726 <... munmap resumed>)             = 0
34725 <... lstat resumed>{st_mode=S_IFDIR|0755, st_size=4096, ...}) = 0
34724 <... openat resumed>)             = 9
34726 mprotect(0x7f46b0000000, 135168, PROT_READ|PROT_WRITE <unfinished ...>
34724 statx(9, "", AT_STATX_SYNC_AS_STAT|AT_EMPTY_PATH, STATX_ALL,  <unfinished ...>
34725 lstat("/home/mrcool",  <unfinished ...>
34724 <... statx resumed>{stx_mask=STATX_BASIC_STATS|STATX_MNT_ID, stx_attributes=0, stx_mode=S_IFREG|0644, stx_size=0, ...}) = 0
34726 <... mprotect resumed>)           = 0
34724 lseek(9, 0, SEEK_CUR <unfinished ...>
34725 <... lstat resumed>{st_mode=S_IFDIR|0710, st_size=20480, ...}) = 0
34724 <... lseek resumed>)              = 0
34726 sched_getaffinity(34726, 32,  <unfinished ...>
34725 lstat("/home/mrcool/.cache",  <unfinished ...>
34724 read(9,  <unfinished ...>
34726 <... sched_getaffinity resumed>[0 1 2 3]) = 8
34725 <... lstat resumed>{st_mode=S_IFDIR|0700, st_size=12288, ...}) = 0
34724 <... read resumed>"max 100000\n", 20) = 11
34726 getrandom( <unfinished ...>
34724 read(9,  <unfinished ...>
34725 lstat("/home/mrcool/.cache/deno",  <unfinished ...>
34724 <... read resumed>"", 9)          = 0
34726 <... getrandom resumed>"\x2f\xf2\x94\x30\x13\x60\x6f\x08\x41\x9e\xe0\x6d\xf1\x54\xa6\x13", 16, GRND_INSECURE) = 16
34724 close(9 <unfinished ...>
34725 <... lstat resumed>{st_mode=S_IFDIR|0755, st_size=4096, ...}) = 0
34724 <... close resumed>)              = 0
34726 lstat("/home",  <unfinished ...>
34725 lstat("/home/mrcool/.cache/deno/dep_analysis_cache_v1",  <unfinished ...>
34724 openat(AT_FDCWD, "/sys/fs/cgroup/user.slice/user-1002.slice/user@1002.service/cpu.max", O_RDONLY|O_CLOEXEC <unfinished ...>
34726 <... lstat resumed>{st_mode=S_IFDIR|0755, st_size=4096, ...}) = 0
34725 <... lstat resumed>{st_mode=S_IFREG|0644, st_size=1851392, ...}) = 0
34724 <... openat resumed>)             = 9
34726 lstat("/home/mrcool",  <unfinished ...>
34724 statx(9, "", AT_STATX_SYNC_AS_STAT|AT_EMPTY_PATH, STATX_ALL,  <unfinished ...>
34725 getpid( <unfinished ...>
34724 <... statx resumed>{stx_mask=STATX_BASIC_STATS|STATX_MNT_ID, stx_attributes=0, stx_mode=S_IFREG|0644, stx_size=0, ...}) = 0
34726 <... lstat resumed>{st_mode=S_IFDIR|0710, st_size=20480, ...}) = 0
34724 lseek(9, 0, SEEK_CUR <unfinished ...>
34725 <... getpid resumed>)             = 34724
34724 <... lseek resumed>)              = 0
34726 lstat("/home/mrcool/.cache",  <unfinished ...>
34724 read(9,  <unfinished ...>
34725 getpid( <unfinished ...>
34724 <... read resumed>"max 100000\n", 20) = 11
34726 <... lstat resumed>{st_mode=S_IFDIR|0700, st_size=12288, ...}) = 0
34724 read(9,  <unfinished ...>
34725 <... getpid resumed>)             = 34724
34724 <... read resumed>"", 9)          = 0
34726 lstat("/home/mrcool/.cache/deno",  <unfinished ...>
34724 close(9 <unfinished ...>
34725 openat(AT_FDCWD, "/home/mrcool/.cache/deno/dep_analysis_cache_v1", O_RDWR|O_CREAT|O_NOFOLLOW|O_CLOEXEC, 0644 <unfinished ...>
34724 <... close resumed>)              = 0
34726 <... lstat resumed>{st_mode=S_IFDIR|0755, st_size=4096, ...}) = 0
34724 openat(AT_FDCWD, "/sys/fs/cgroup/user.slice/user-1002.slice/cpu.max", O_RDONLY|O_CLOEXEC <unfinished ...>
34725 <... openat resumed>)             = 9
34726 lstat("/home/mrcool/.cache/deno/node_analysis_cache_v1",  <unfinished ...>
34724 <... openat resumed>)             = 10
34725 fstat(9,  <unfinished ...>
34724 statx(10, "", AT_STATX_SYNC_AS_STAT|AT_EMPTY_PATH, STATX_ALL,  <unfinished ...>
34726 <... lstat resumed>{st_mode=S_IFREG|0644, st_size=598016, ...}) = 0
34724 <... statx resumed>{stx_mask=STATX_BASIC_STATS|STATX_MNT_ID, stx_attributes=0, stx_mode=S_IFREG|0644, stx_size=0, ...}) = 0
34725 <... fstat resumed>{st_mode=S_IFREG|0644, st_size=1851392, ...}) = 0
34724 lseek(10, 0, SEEK_CUR <unfinished ...>
34726 getpid( <unfinished ...>
34724 <... lseek resumed>)              = 0
34725 fstat(9,  <unfinished ...>
34724 read(10,  <unfinished ...>
34726 <... getpid resumed>)             = 34724
34724 <... read resumed>"max 100000\n", 20) = 11
34725 <... fstat resumed>{st_mode=S_IFREG|0644, st_size=1851392, ...}) = 0
34724 read(10,  <unfinished ...>
34726 stat("/home/mrcool/.cache/deno/node_analysis_cache_v1",  <unfinished ...>
34724 <... read resumed>"", 9)          = 0
34725 stat("/home/mrcool/.cache/deno/dep_analysis_cache_v1",  <unfinished ...>
34724 close(10 <unfinished ...>
34726 <... stat resumed>{st_mode=S_IFREG|0644, st_size=598016, ...}) = 0
34724 <... close resumed>)              = 0
34725 <... stat resumed>{st_mode=S_IFREG|0644, st_size=1851392, ...}) = 0
34724 openat(AT_FDCWD, "/sys/fs/cgroup/user.slice/cpu.max", O_RDONLY|O_CLOEXEC <unfinished ...>
34726 openat(AT_FDCWD, "/home/mrcool/.cache/deno/node_analysis_cache_v1", O_RDWR|O_CREAT|O_NOFOLLOW|O_CLOEXEC, 0644 <unfinished ...>
34724 <... openat resumed>)             = 10
34725 lseek(9, 0, SEEK_SET <unfinished ...>
34724 statx(10, "", AT_STATX_SYNC_AS_STAT|AT_EMPTY_PATH, STATX_ALL,  <unfinished ...>
34726 <... openat resumed>)             = 11
34724 <... statx resumed>{stx_mask=STATX_BASIC_STATS|STATX_MNT_ID, stx_attributes=0, stx_mode=S_IFREG|0644, stx_size=0, ...}) = 0
34725 <... lseek resumed>)              = 0
34724 lseek(10, 0, SEEK_CUR <unfinished ...>
34726 fstat(11,  <unfinished ...>
34724 <... lseek resumed>)              = 0
34725 read(9,  <unfinished ...>
34724 read(10,  <unfinished ...>
34726 <... fstat resumed>{st_mode=S_IFREG|0644, st_size=598016, ...}) = 0
34724 <... read resumed>"max 100000\n", 20) = 11
34725 <... read resumed>"SQLite format 3\0\20\0\1\1\0@  \0\0004\360\0\0\1\304"..., 100) = 100
34724 read(10,  <unfinished ...>
34726 fstat(11,  <unfinished ...>
34724 <... read resumed>"", 9)          = 0
34726 <... fstat resumed>{st_mode=S_IFREG|0644, st_size=598016, ...}) = 0
34724 close(10 <unfinished ...>
34726 stat("/home/mrcool/.cache/deno/node_analysis_cache_v1",  <unfinished ...>
34724 <... close resumed>)              = 0
34726 <... stat resumed>{st_mode=S_IFREG|0644, st_size=598016, ...}) = 0
34724 openat(AT_FDCWD, "/sys/fs/cgroup/cpu.max", O_RDONLY|O_CLOEXEC <unfinished ...>
34726 futex(0x5638a26aad80, FUTEX_WAKE_PRIVATE, 1 <unfinished ...>
34725 futex(0x5638a26aad80, FUTEX_WAIT_PRIVATE, 2, NULL <unfinished ...>
34724 <... openat resumed>)             = -1 ENOENT (Aucun fichier ou dossier de ce type)
34726 <... futex resumed>)              = 0
34725 <... futex resumed>)              = -1 EAGAIN (Ressource temporairement non disponible)
34724 sched_getaffinity(0, 128,  <unfinished ...>
34726 lseek(11, 0, SEEK_SET <unfinished ...>
34724 <... sched_getaffinity resumed>[0 1 2 3]) = 8
34725 futex(0x5638a26aad80, FUTEX_WAKE_PRIVATE, 1 <unfinished ...>
34726 <... lseek resumed>)              = 0
34725 <... futex resumed>)              = 0
34726 read(11, "SQLite format 3\0\20\0\1\1\0@  \0\0\0056\0\0\0\222"..., 100) = 100
34726 futex(0x5638a26aad80, FUTEX_WAKE_PRIVATE, 1 <unfinished ...>
34725 futex(0x5638a26aad80, FUTEX_WAIT_PRIVATE, 2, NULL <unfinished ...>
34724 ioctl(1, TCGETS <unfinished ...>
34726 <... futex resumed>)              = 0
34724 <... ioctl resumed>, {c_iflag=ICRNL, c_oflag=NL0|CR0|TAB0|BS0|VT0|FF0|OPOST|ONLCR, c_cflag=B38400|CS8|CREAD, c_lflag=ISIG|ICANON|ECHO|ECHOE|ECHOK|IEXTEN|ECHOCTL|ECHOKE, ...}) = 0
34725 <... futex resumed>)              = -1 EAGAIN (Ressource temporairement non disponible)
34726 futex(0x5638a26aad80, FUTEX_WAKE_PRIVATE, 1 <unfinished ...>
34725 futex(0x5638a26aad80, FUTEX_WAIT_PRIVATE, 2, NULL <unfinished ...>
34726 <... futex resumed>)              = 0
34725 <... futex resumed>)              = -1 EAGAIN (Ressource temporairement non disponible)
34726 futex(0x5638a26aad80, FUTEX_WAIT_PRIVATE, 2, NULL <unfinished ...>
34725 futex(0x5638a26aad80, FUTEX_WAKE_PRIVATE, 1 <unfinished ...>
34726 <... futex resumed>)              = -1 EAGAIN (Ressource temporairement non disponible)
34725 <... futex resumed>)              = 0
34726 futex(0x5638a26aad80, FUTEX_WAKE_PRIVATE, 1) = 0
34725 fcntl(9, F_SETLK, {l_type=F_RDLCK, l_whence=SEEK_SET, l_start=1073741824, l_len=1}) = 0
34725 fcntl(9, F_SETLK, {l_type=F_RDLCK, l_whence=SEEK_SET, l_start=1073741826, l_len=510} <unfinished ...>
34726 fcntl(11, F_SETLK, {l_type=F_RDLCK, l_whence=SEEK_SET, l_start=1073741824, l_len=1} <unfinished ...>
34725 <... fcntl resumed>)              = 0
34724 openat(AT_FDCWD, "/sys/devices/system/cpu/online", O_RDONLY|O_CLOEXEC <unfinished ...>
34726 <... fcntl resumed>)              = 0
34725 fcntl(9, F_SETLK, {l_type=F_UNLCK, l_whence=SEEK_SET, l_start=1073741824, l_len=1} <unfinished ...>
34724 <... openat resumed>)             = 10
34726 fcntl(11, F_SETLK, {l_type=F_RDLCK, l_whence=SEEK_SET, l_start=1073741826, l_len=510} <unfinished ...>
34724 read(10,  <unfinished ...>
34725 <... fcntl resumed>)              = 0
34726 <... fcntl resumed>)              = 0
34724 <... read resumed>"0-3\n", 1024)  = 4
34725 stat("/home/mrcool/.cache/deno/dep_analysis_cache_v1-journal",  <unfinished ...>
34724 close(10 <unfinished ...>
34726 fcntl(11, F_SETLK, {l_type=F_UNLCK, l_whence=SEEK_SET, l_start=1073741824, l_len=1} <unfinished ...>
34724 <... close resumed>)              = 0
34725 <... stat resumed>{st_mode=S_IFREG|0644, st_size=0, ...}) = 0
34724 gettid( <unfinished ...>
34726 <... fcntl resumed>)              = 0
34724 <... gettid resumed>)             = 34724
34725 stat("/home/mrcool/.cache/deno/dep_analysis_cache_v1-wal",  <unfinished ...>
34724 gettid( <unfinished ...>
34726 stat("/home/mrcool/.cache/deno/node_analysis_cache_v1-journal",  <unfinished ...>
34724 <... gettid resumed>)             = 34724
34725 <... stat resumed>0x7f46c0176af0) = -1 ENOENT (Aucun fichier ou dossier de ce type)
34724 uname( <unfinished ...>
34726 <... stat resumed>{st_mode=S_IFREG|0644, st_size=0, ...}) = 0
34724 <... uname resumed>{sysname="Linux", nodename="mrcool", ...}) = 0
34725 fstat(9,  <unfinished ...>
34726 stat("/home/mrcool/.cache/deno/node_analysis_cache_v1-wal",  <unfinished ...>
34724 pkey_alloc(0, PKEY_DISABLE_WRITE <unfinished ...>
34725 <... fstat resumed>{st_mode=S_IFREG|0644, st_size=1851392, ...}) = 0
34724 <... pkey_alloc resumed>)         = -1 EINVAL (Argument invalide)
34726 <... stat resumed>0x7f46bff75af0) = -1 ENOENT (Aucun fichier ou dossier de ce type)
34724 mmap(NULL, 8392704, PROT_NONE, MAP_PRIVATE|MAP_ANONYMOUS|MAP_STACK, -1, 0 <unfinished ...>
34725 lseek(9, 0, SEEK_SET <unfinished ...>
34724 <... mmap resumed>)               = 0x7f46bf577000
34726 fstat(11,  <unfinished ...>
34724 mprotect(0x7f46bf578000, 8388608, PROT_READ|PROT_WRITE <unfinished ...>
34725 <... lseek resumed>)              = 0
34726 <... fstat resumed>{st_mode=S_IFREG|0644, st_size=598016, ...}) = 0
34724 <... mprotect resumed>)           = 0
34725 read(9,  <unfinished ...>
34726 lseek(11, 0, SEEK_SET <unfinished ...>
34725 <... read resumed>"SQLite format 3\0\20\0\1\1\0@  \0\0004\360\0\0\1\304"..., 4096) = 4096
34724 rt_sigprocmask(SIG_BLOCK, ~[],  <unfinished ...>
34726 <... lseek resumed>)              = 0
34724 <... rt_sigprocmask resumed>[], 8) = 0
34726 read(11,  <unfinished ...>
34724 clone3({flags=CLONE_VM|CLONE_FS|CLONE_FILES|CLONE_SIGHAND|CLONE_THREAD|CLONE_SYSVSEM|CLONE_SETTLS|CLONE_PARENT_SETTID|CLONE_CHILD_CLEARTID, child_tid=0x7f46bfd77990, parent_tid=0x7f46bfd77990, exit_signal=0, stack=0x7f46bf577000, stack_size=0x7ff840, tls=0x7f46bfd776c0} <unfinished ...>
34726 <... read resumed>"SQLite format 3\0\20\0\1\1\0@  \0\0\0056\0\0\0\222"..., 4096) = 4096
34726 futex(0x5638a26aad80, FUTEX_WAKE_PRIVATE, 1 <unfinished ...>
34725 futex(0x5638a26aad80, FUTEX_WAIT_PRIVATE, 2, NULL <unfinished ...>
34724 <... clone3 resumed> => {parent_tid=[34727]}, 88) = 34727
34727 rseq(0x7f46bfd77fe0, 0x20, 0, 0x53053053 <unfinished ...>
34726 <... futex resumed>)              = 0
34724 rt_sigprocmask(SIG_SETMASK, [],  <unfinished ...>
34727 <... rseq resumed>)               = 0
34725 <... futex resumed>)              = -1 EAGAIN (Ressource temporairement non disponible)
34724 <... rt_sigprocmask resumed>NULL, 8) = 0
34727 set_robust_list(0x7f46bfd779a0, 24 <unfinished ...>
34725 futex(0x5638a26aad80, FUTEX_WAKE_PRIVATE, 1 <unfinished ...>
34724 mmap(NULL, 8392704, PROT_NONE, MAP_PRIVATE|MAP_ANONYMOUS|MAP_STACK, -1, 0 <unfinished ...>
34727 <... set_robust_list resumed>)    = 0
34726 fcntl(11, F_SETLK, {l_type=F_UNLCK, l_whence=SEEK_SET, l_start=0, l_len=0} <unfinished ...>
34725 <... futex resumed>)              = 0
34724 <... mmap resumed>)               = 0x7f46bed76000
34727 rt_sigprocmask(SIG_SETMASK, [],  <unfinished ...>
34726 <... fcntl resumed>)              = 0
34724 mprotect(0x7f46bed77000, 8388608, PROT_READ|PROT_WRITE <unfinished ...>
34727 <... rt_sigprocmask resumed>NULL, 8) = 0
34725 fcntl(9, F_SETLK, {l_type=F_UNLCK, l_whence=SEEK_SET, l_start=0, l_len=0} <unfinished ...>
34724 <... mprotect resumed>)           = 0
34727 prctl(PR_SET_NAME, "V8 DefaultWorke"... <unfinished ...>
34726 fcntl(11, F_SETLK, {l_type=F_RDLCK, l_whence=SEEK_SET, l_start=1073741824, l_len=1} <unfinished ...>
34725 <... fcntl resumed>)              = 0
34724 rt_sigprocmask(SIG_BLOCK, ~[],  <unfinished ...>
34727 <... prctl resumed>)              = 0
34726 <... fcntl resumed>)              = 0
34724 <... rt_sigprocmask resumed>[], 8) = 0
34727 futex(0x5638a38c6490, FUTEX_WAIT_BITSET_PRIVATE|FUTEX_CLOCK_REALTIME, 0, NULL, FUTEX_BITSET_MATCH_ANY <unfinished ...>
34724 clone3({flags=CLONE_VM|CLONE_FS|CLONE_FILES|CLONE_SIGHAND|CLONE_THREAD|CLONE_SYSVSEM|CLONE_SETTLS|CLONE_PARENT_SETTID|CLONE_CHILD_CLEARTID, child_tid=0x7f46bf576990, parent_tid=0x7f46bf576990, exit_signal=0, stack=0x7f46bed76000, stack_size=0x7ff840, tls=0x7f46bf5766c0} <unfinished ...>
34726 fcntl(11, F_SETLK, {l_type=F_RDLCK, l_whence=SEEK_SET, l_start=1073741826, l_len=510} <unfinished ...>
34725 fcntl(9, F_SETLK, {l_type=F_RDLCK, l_whence=SEEK_SET, l_start=1073741824, l_len=1} <unfinished ...>
34726 <... fcntl resumed>)              = 0
34725 <... fcntl resumed>)              = 0
34724 <... clone3 resumed> => {parent_tid=[34728]}, 88) = 34728
34728 rseq(0x7f46bf576fe0, 0x20, 0, 0x53053053 <unfinished ...>
34726 fcntl(11, F_SETLK, {l_type=F_UNLCK, l_whence=SEEK_SET, l_start=1073741824, l_len=1} <unfinished ...>
34724 rt_sigprocmask(SIG_SETMASK, [],  <unfinished ...>
34728 <... rseq resumed>)               = 0
34725 fcntl(9, F_SETLK, {l_type=F_RDLCK, l_whence=SEEK_SET, l_start=1073741826, l_len=510} <unfinished ...>
34724 <... rt_sigprocmask resumed>NULL, 8) = 0
34728 set_robust_list(0x7f46bf5769a0, 24 <unfinished ...>
34726 <... fcntl resumed>)              = 0
34724 mmap(NULL, 8392704, PROT_NONE, MAP_PRIVATE|MAP_ANONYMOUS|MAP_STACK, -1, 0 <unfinished ...>
34728 <... set_robust_list resumed>)    = 0
34725 <... fcntl resumed>)              = 0
34724 <... mmap resumed>)               = 0x7f46be575000
34728 rt_sigprocmask(SIG_SETMASK, [],  <unfinished ...>
34726 stat("/home/mrcool/.cache/deno/node_analysis_cache_v1-journal",  <unfinished ...>
34724 mprotect(0x7f46be576000, 8388608, PROT_READ|PROT_WRITE <unfinished ...>
34728 <... rt_sigprocmask resumed>NULL, 8) = 0
34725 fcntl(9, F_SETLK, {l_type=F_UNLCK, l_whence=SEEK_SET, l_start=1073741824, l_len=1} <unfinished ...>
34724 <... mprotect resumed>)           = 0
34728 prctl(PR_SET_NAME, "V8 DefaultWorke"... <unfinished ...>
34726 <... stat resumed>{st_mode=S_IFREG|0644, st_size=0, ...}) = 0
34724 rt_sigprocmask(SIG_BLOCK, ~[],  <unfinished ...>
34728 <... prctl resumed>)              = 0
34725 <... fcntl resumed>)              = 0
34724 <... rt_sigprocmask resumed>[], 8) = 0
34728 futex(0x5638a38c6490, FUTEX_WAIT_BITSET_PRIVATE|FUTEX_CLOCK_REALTIME, 0, NULL, FUTEX_BITSET_MATCH_ANY <unfinished ...>
34726 lseek(11, 24, SEEK_SET <unfinished ...>
34724 clone3({flags=CLONE_VM|CLONE_FS|CLONE_FILES|CLONE_SIGHAND|CLONE_THREAD|CLONE_SYSVSEM|CLONE_SETTLS|CLONE_PARENT_SETTID|CLONE_CHILD_CLEARTID, child_tid=0x7f46bed75990, parent_tid=0x7f46bed75990, exit_signal=0, stack=0x7f46be575000, stack_size=0x7ff840, tls=0x7f46bed756c0} <unfinished ...>
34725 stat("/home/mrcool/.cache/deno/dep_analysis_cache_v1-journal",  <unfinished ...>
34726 <... lseek resumed>)              = 24
34725 <... stat resumed>{st_mode=S_IFREG|0644, st_size=0, ...}) = 0
34724 <... clone3 resumed> => {parent_tid=[34729]}, 88) = 34729
34729 rseq(0x7f46bed75fe0, 0x20, 0, 0x53053053 <unfinished ...>
34726 read(11,  <unfinished ...>
34724 rt_sigprocmask(SIG_SETMASK, [],  <unfinished ...>
34729 <... rseq resumed>)               = 0
34725 lseek(9, 24, SEEK_SET <unfinished ...>
34724 <... rt_sigprocmask resumed>NULL, 8) = 0
34729 set_robust_list(0x7f46bed759a0, 24 <unfinished ...>
34726 <... read resumed>"\0\0\0056\0\0\0\222\0\0\0T\0\0\0m", 16) = 16
34729 <... set_robust_list resumed>)    = 0
34725 <... lseek resumed>)              = 24
34729 rt_sigprocmask(SIG_SETMASK, [],  <unfinished ...>
34726 stat("/home/mrcool/.cache/deno/node_analysis_cache_v1-wal",  <unfinished ...>
34729 <... rt_sigprocmask resumed>NULL, 8) = 0
34725 read(9,  <unfinished ...>
34729 prctl(PR_SET_NAME, "V8 DefaultWorke"... <unfinished ...>
34726 <... stat resumed>0x7f46bff767e0) = -1 ENOENT (Aucun fichier ou dossier de ce type)
34724 mprotect(0x5638a269b000, 4096, PROT_READ <unfinished ...>
34729 <... prctl resumed>)              = 0
34726 fstat(11,  <unfinished ...>
34725 <... read resumed>"\0\0004\360\0\0\1\304\0\0\0004\0\0\1\177", 16) = 16
34724 <... mprotect resumed>)           = 0
34729 futex(0x5638a38c6490, FUTEX_WAIT_BITSET_PRIVATE|FUTEX_CLOCK_REALTIME, 0, NULL, FUTEX_BITSET_MATCH_ANY <unfinished ...>
34726 <... fstat resumed>{st_mode=S_IFREG|0644, st_size=598016, ...}) = 0
34725 stat("/home/mrcool/.cache/deno/dep_analysis_cache_v1-wal",  <unfinished ...>
34724 gettid( <unfinished ...>
34726 fcntl(11, F_SETLK, {l_type=F_UNLCK, l_whence=SEEK_SET, l_start=0, l_len=0} <unfinished ...>
34724 <... gettid resumed>)             = 34724
34725 <... stat resumed>0x7f46c01777e0) = -1 ENOENT (Aucun fichier ou dossier de ce type)
34726 <... fcntl resumed>)              = 0
34725 fstat(9,  <unfinished ...>
34724 gettid( <unfinished ...>
34726 fcntl(11, F_SETLK, {l_type=F_RDLCK, l_whence=SEEK_SET, l_start=1073741824, l_len=1} <unfinished ...>
34725 <... fstat resumed>{st_mode=S_IFREG|0644, st_size=1851392, ...}) = 0
34724 <... gettid resumed>)             = 34724
34726 <... fcntl resumed>)              = 0
34725 fcntl(9, F_SETLK, {l_type=F_UNLCK, l_whence=SEEK_SET, l_start=0, l_len=0} <unfinished ...>
34726 fcntl(11, F_SETLK, {l_type=F_RDLCK, l_whence=SEEK_SET, l_start=1073741826, l_len=510} <unfinished ...>
34725 <... fcntl resumed>)              = 0
34726 <... fcntl resumed>)              = 0
34725 fcntl(9, F_SETLK, {l_type=F_RDLCK, l_whence=SEEK_SET, l_start=1073741824, l_len=1} <unfinished ...>
34726 fcntl(11, F_SETLK, {l_type=F_UNLCK, l_whence=SEEK_SET, l_start=1073741824, l_len=1} <unfinished ...>
34725 <... fcntl resumed>)              = 0
34726 <... fcntl resumed>)              = 0
34725 fcntl(9, F_SETLK, {l_type=F_RDLCK, l_whence=SEEK_SET, l_start=1073741826, l_len=510} <unfinished ...>
34726 stat("/home/mrcool/.cache/deno/node_analysis_cache_v1-journal",  <unfinished ...>
34725 <... fcntl resumed>)              = 0
34726 <... stat resumed>{st_mode=S_IFREG|0644, st_size=0, ...}) = 0
34725 fcntl(9, F_SETLK, {l_type=F_UNLCK, l_whence=SEEK_SET, l_start=1073741824, l_len=1} <unfinished ...>
34726 lseek(11, 24, SEEK_SET <unfinished ...>
34725 <... fcntl resumed>)              = 0
34726 <... lseek resumed>)              = 24
34725 stat("/home/mrcool/.cache/deno/dep_analysis_cache_v1-journal",  <unfinished ...>
34726 read(11,  <unfinished ...>
34725 <... stat resumed>{st_mode=S_IFREG|0644, st_size=0, ...}) = 0
34726 <... read resumed>"\0\0\0056\0\0\0\222\0\0\0T\0\0\0m", 16) = 16
34725 lseek(9, 24, SEEK_SET <unfinished ...>
34726 stat("/home/mrcool/.cache/deno/node_analysis_cache_v1-wal",  <unfinished ...>
34725 <... lseek resumed>)              = 24
34726 <... stat resumed>0x7f46bff767e0) = -1 ENOENT (Aucun fichier ou dossier de ce type)
34725 read(9,  <unfinished ...>
34726 fstat(11,  <unfinished ...>
34725 <... read resumed>"\0\0004\360\0\0\1\304\0\0\0004\0\0\1\177", 16) = 16
34726 <... fstat resumed>{st_mode=S_IFREG|0644, st_size=598016, ...}) = 0
34725 stat("/home/mrcool/.cache/deno/dep_analysis_cache_v1-wal",  <unfinished ...>
34726 fcntl(11, F_SETLK, {l_type=F_UNLCK, l_whence=SEEK_SET, l_start=0, l_len=0} <unfinished ...>
34724 brk(0x5638a38f6000 <unfinished ...>
34725 <... stat resumed>0x7f46c01777e0) = -1 ENOENT (Aucun fichier ou dossier de ce type)
34726 <... fcntl resumed>)              = 0
34724 <... brk resumed>)                = 0x5638a38f6000
34725 fstat(9,  <unfinished ...>
34726 fcntl(11, F_SETLK, {l_type=F_RDLCK, l_whence=SEEK_SET, l_start=1073741824, l_len=1} <unfinished ...>
34725 <... fstat resumed>{st_mode=S_IFREG|0644, st_size=1851392, ...}) = 0
34726 <... fcntl resumed>)              = 0
34725 fcntl(9, F_SETLK, {l_type=F_UNLCK, l_whence=SEEK_SET, l_start=0, l_len=0} <unfinished ...>
34726 fcntl(11, F_SETLK, {l_type=F_RDLCK, l_whence=SEEK_SET, l_start=1073741826, l_len=510} <unfinished ...>
34725 <... fcntl resumed>)              = 0
34724 fcntl(0, F_DUPFD_CLOEXEC, 3 <unfinished ...>
34726 <... fcntl resumed>)              = 0
34724 <... fcntl resumed>)              = 10
34725 fcntl(9, F_SETLK, {l_type=F_RDLCK, l_whence=SEEK_SET, l_start=1073741824, l_len=1} <unfinished ...>
34726 fcntl(11, F_SETLK, {l_type=F_UNLCK, l_whence=SEEK_SET, l_start=1073741824, l_len=1} <unfinished ...>
34724 fcntl(1, F_DUPFD_CLOEXEC, 3 <unfinished ...>
34725 <... fcntl resumed>)              = 0
34724 <... fcntl resumed>)              = 12
34726 <... fcntl resumed>)              = 0
34724 fcntl(2, F_DUPFD_CLOEXEC, 3 <unfinished ...>
34725 fcntl(9, F_SETLK, {l_type=F_RDLCK, l_whence=SEEK_SET, l_start=1073741826, l_len=510} <unfinished ...>
34724 <... fcntl resumed>)              = 13
34726 stat("/home/mrcool/.cache/deno/node_analysis_cache_v1-journal",  <unfinished ...>
34725 <... fcntl resumed>)              = 0
34726 <... stat resumed>{st_mode=S_IFREG|0644, st_size=0, ...}) = 0
34725 fcntl(9, F_SETLK, {l_type=F_UNLCK, l_whence=SEEK_SET, l_start=1073741824, l_len=1} <unfinished ...>
34726 lseek(11, 24, SEEK_SET <unfinished ...>
34725 <... fcntl resumed>)              = 0
34726 <... lseek resumed>)              = 24
34725 stat("/home/mrcool/.cache/deno/dep_analysis_cache_v1-journal",  <unfinished ...>
34726 read(11,  <unfinished ...>
34725 <... stat resumed>{st_mode=S_IFREG|0644, st_size=0, ...}) = 0
34726 <... read resumed>"\0\0\0056\0\0\0\222\0\0\0T\0\0\0m", 16) = 16
34725 lseek(9, 24, SEEK_SET <unfinished ...>
34726 stat("/home/mrcool/.cache/deno/node_analysis_cache_v1-wal",  <unfinished ...>
34725 <... lseek resumed>)              = 24
34726 <... stat resumed>0x7f46bff767e0) = -1 ENOENT (Aucun fichier ou dossier de ce type)
34724 brk(0x5638a3919000 <unfinished ...>
34725 read(9,  <unfinished ...>
34726 fstat(11,  <unfinished ...>
34724 <... brk resumed>)                = 0x5638a3919000
34725 <... read resumed>"\0\0004\360\0\0\1\304\0\0\0004\0\0\1\177", 16) = 16
34726 <... fstat resumed>{st_mode=S_IFREG|0644, st_size=598016, ...}) = 0
34725 stat("/home/mrcool/.cache/deno/dep_analysis_cache_v1-wal",  <unfinished ...>
34726 fcntl(11, F_SETLK, {l_type=F_UNLCK, l_whence=SEEK_SET, l_start=0, l_len=0} <unfinished ...>
34725 <... stat resumed>0x7f46c01777e0) = -1 ENOENT (Aucun fichier ou dossier de ce type)
34726 <... fcntl resumed>)              = 0
34725 fstat(9, {st_mode=S_IFREG|0644, st_size=1851392, ...}) = 0
34725 fcntl(9, F_SETLK, {l_type=F_UNLCK, l_whence=SEEK_SET, l_start=0, l_len=0} <unfinished ...>
34724 openat(AT_FDCWD, "/proc/self/maps", O_RDONLY|O_CLOEXEC <unfinished ...>
34726 fcntl(11, F_SETLK, {l_type=F_RDLCK, l_whence=SEEK_SET, l_start=1073741824, l_len=1} <unfinished ...>
34725 <... fcntl resumed>)              = 0
34726 <... fcntl resumed>)              = 0
34724 <... openat resumed>)             = 14
34724 prlimit64(0, RLIMIT_STACK, NULL, {rlim_cur=8192*1024, rlim_max=RLIM64_INFINITY}) = 0
34726 fcntl(11, F_SETLK, {l_type=F_RDLCK, l_whence=SEEK_SET, l_start=1073741826, l_len=510} <unfinished ...>
34725 fcntl(9, F_SETLK, {l_type=F_RDLCK, l_whence=SEEK_SET, l_start=1073741824, l_len=1} <unfinished ...>
34724 newfstatat(14, "",  <unfinished ...>
34726 <... fcntl resumed>)              = 0
34725 <... fcntl resumed>)              = 0
34724 <... newfstatat resumed>{st_mode=S_IFREG|0444, st_size=0, ...}, AT_EMPTY_PATH) = 0
34726 fcntl(11, F_SETLK, {l_type=F_UNLCK, l_whence=SEEK_SET, l_start=1073741824, l_len=1} <unfinished ...>
34724 read(14,  <unfinished ...>
34725 fcntl(9, F_SETLK, {l_type=F_RDLCK, l_whence=SEEK_SET, l_start=1073741826, l_len=510} <unfinished ...>
34726 <... fcntl resumed>)              = 0
34725 <... fcntl resumed>)              = 0
34724 <... read resumed>"56389d977000-56389fd72000 r--p 0"..., 1024) = 1024
34726 stat("/home/mrcool/.cache/deno/node_analysis_cache_v1-journal",  <unfinished ...>
34725 fcntl(9, F_SETLK, {l_type=F_UNLCK, l_whence=SEEK_SET, l_start=1073741824, l_len=1} <unfinished ...>
34724 read(14,  <unfinished ...>
34726 <... stat resumed>{st_mode=S_IFREG|0644, st_size=0, ...}) = 0
34725 <... fcntl resumed>)              = 0
34724 <... read resumed>"0 0 \n7f46bed76000-7f46bed77000 -"..., 1024) = 1024
34726 lseek(11, 24, SEEK_SET <unfinished ...>
34725 stat("/home/mrcool/.cache/deno/dep_analysis_cache_v1-journal",  <unfinished ...>
34724 read(14,  <unfinished ...>
34726 <... lseek resumed>)              = 24
34725 <... stat resumed>{st_mode=S_IFREG|0644, st_size=0, ...}) = 0
34724 <... read resumed>"r-xp 0000e000 08:01 4853215     "..., 1024) = 1024
34726 read(11,  <unfinished ...>
34725 lseek(9, 24, SEEK_SET <unfinished ...>
34724 read(14,  <unfinished ...>
34726 <... read resumed>"\0\0\0056\0\0\0\222\0\0\0T\0\0\0m", 16) = 16
34725 <... lseek resumed>)              = 24
34724 <... read resumed>"7f46c047a000-7f46c047e000 r--p 0"..., 1024) = 1024
34726 stat("/home/mrcool/.cache/deno/node_analysis_cache_v1-wal",  <unfinished ...>
34725 read(9,  <unfinished ...>
34724 read(14,  <unfinished ...>
34726 <... stat resumed>0x7f46bff76800) = -1 ENOENT (Aucun fichier ou dossier de ce type)
34725 <... read resumed>"\0\0004\360\0\0\1\304\0\0\0004\0\0\1\177", 16) = 16
34724 <... read resumed>"---p 00000000 00:00 0 \n7f46c04ca"..., 1024) = 912
34726 fstat(11,  <unfinished ...>
34725 stat("/home/mrcool/.cache/deno/dep_analysis_cache_v1-wal",  <unfinished ...>
34724 close(14 <unfinished ...>
34726 <... fstat resumed>{st_mode=S_IFREG|0644, st_size=598016, ...}) = 0
34724 <... close resumed>)              = 0
34725 <... stat resumed>0x7f46c0177800) = -1 ENOENT (Aucun fichier ou dossier de ce type)
34724 sched_getaffinity(34724, 32,  <unfinished ...>
34726 fstat(11,  <unfinished ...>
34724 <... sched_getaffinity resumed>[0 1 2 3]) = 8
34725 fstat(9,  <unfinished ...>
34726 <... fstat resumed>{st_mode=S_IFREG|0644, st_size=598016, ...}) = 0
34725 <... fstat resumed>{st_mode=S_IFREG|0644, st_size=1851392, ...}) = 0
34726 mmap(NULL, 598016, PROT_READ, MAP_SHARED, 11, 0 <unfinished ...>
34725 fstat(9, {st_mode=S_IFREG|0644, st_size=1851392, ...}) = 0
34726 <... mmap resumed>)               = 0x7f46be4e3000
34724 brk(0x5638a393c000 <unfinished ...>
34725 mmap(NULL, 1851392, PROT_READ, MAP_SHARED, 9, 0 <unfinished ...>
34724 <... brk resumed>)                = 0x5638a393c000
34725 <... mmap resumed>)               = 0x7f46be31f000
34726 fcntl(11, F_SETLK, {l_type=F_UNLCK, l_whence=SEEK_SET, l_start=0, l_len=0} <unfinished ...>
34725 fcntl(9, F_SETLK, {l_type=F_UNLCK, l_whence=SEEK_SET, l_start=0, l_len=0} <unfinished ...>
34726 <... fcntl resumed>)              = 0
34725 <... fcntl resumed>)              = 0
34724 getpid( <unfinished ...>
34726 futex(0x7f46bff78688, FUTEX_WAIT_PRIVATE, 1, {tv_sec=9, tv_nsec=999994018} <unfinished ...>
34724 <... getpid resumed>)             = 34724
34725 futex(0x7f46c0179688, FUTEX_WAIT_PRIVATE, 1, {tv_sec=9, tv_nsec=999998284} <unfinished ...>
34724 gettid()                          = 34724
34724 openat(AT_FDCWD, "/dev/urandom", O_RDONLY) = 14
34724 newfstatat(14, "", {st_mode=S_IFCHR|0666, st_rdev=makedev(0x1, 0x9), ...}, AT_EMPTY_PATH) = 0
34724 ioctl(14, TCGETS, 0x7fff2eeefb90) = -1 EINVAL (Argument invalide)
34724 read(14, "\202&s\322\331e\37\4z\241\226\"7\0\0105\215\271\262\364\202g\276\346\344P\300\241\337\257\374\v"..., 4096) = 4096
34724 close(14)                         = 0
34724 gettid()                          = 34724
34724 openat(AT_FDCWD, "/proc/self/maps", O_RDONLY) = 14
34724 newfstatat(14, "", {st_mode=S_IFREG|0444, st_size=0, ...}, AT_EMPTY_PATH) = 0
34724 read(14, "56389d977000-56389fd72000 r--p 0"..., 1024) = 1024
34724 close(14)                         = 0
34724 mmap(0x563820d80000, 537128960, PROT_NONE, MAP_PRIVATE|MAP_ANONYMOUS|MAP_NORESERVE, -1, 0) = 0x563820d80000
34724 munmap(0x563840d80000, 258048)    = 0
34724 mmap(0x2fd98a100000, 520192, PROT_NONE, MAP_PRIVATE|MAP_ANONYMOUS|MAP_NORESERVE, -1, 0) = 0x2fd98a100000
34724 munmap(0x2fd98a140000, 258048)    = 0
34724 mprotect(0x2fd98a100000, 262144, PROT_READ|PROT_WRITE) = 0
34724 munmap(0x2fd98a110000, 196608)    = 0
34724 mprotect(0x2fd98a100000, 65536, PROT_READ) = 0
34724 mmap(0x5d8f6180000, 520192, PROT_NONE, MAP_PRIVATE|MAP_ANONYMOUS|MAP_NORESERVE, -1, 0) = 0x5d8f6180000
34724 munmap(0x5d8f61c0000, 258048)     = 0
34724 mprotect(0x5d8f6180000, 262144, PROT_READ|PROT_WRITE) = 0
34724 mmap(0x191141640000, 520192, PROT_NONE, MAP_PRIVATE|MAP_ANONYMOUS|MAP_NORESERVE, -1, 0) = 0x191141640000
34724 munmap(0x191141680000, 258048)    = 0
34724 mprotect(0x191141640000, 262144, PROT_READ|PROT_WRITE) = 0
34724 mmap(0x3a6ea6280000, 520192, PROT_NONE, MAP_PRIVATE|MAP_ANONYMOUS|MAP_NORESERVE, -1, 0) = 0x3a6ea6280000
34724 munmap(0x3a6ea62c0000, 258048)    = 0
34724 mprotect(0x3a6ea6280000, 262144, PROT_READ|PROT_WRITE) = 0
34724 mmap(0x2422c8580000, 520192, PROT_NONE, MAP_PRIVATE|MAP_ANONYMOUS|MAP_NORESERVE, -1, 0) = 0x2422c8580000
34724 munmap(0x2422c85c0000, 258048)    = 0
34724 mprotect(0x2422c8580000, 262144, PROT_READ|PROT_WRITE) = 0
34724 openat(AT_FDCWD, "/dev/urandom", O_RDONLY) = 14
34724 newfstatat(14, "", {st_mode=S_IFCHR|0666, st_rdev=makedev(0x1, 0x9), ...}, AT_EMPTY_PATH) = 0
34724 ioctl(14, TCGETS, 0x7fff2eeefbc0) = -1 EINVAL (Argument invalide)
34724 read(14, "\331\16\372E\233\4d\34p\211\240/\35\247}eT\241L\222\v\320\373\22\377\241@\360\355\261|\32"..., 4096) = 4096
34724 close(14)                         = 0
34724 mmap(0x7b057640000, 520192, PROT_NONE, MAP_PRIVATE|MAP_ANONYMOUS|MAP_NORESERVE, -1, 0) = 0x7b057640000
34724 munmap(0x7b057680000, 258048)     = 0
34724 mprotect(0x7b057640000, 262144, PROT_READ|PROT_WRITE) = 0
34724 brk(0x5638a395d000)               = 0x5638a395d000
34724 brk(0x5638a398c000)               = 0x5638a398c000
34724 mmap(0x1b6b3f0c0000, 520192, PROT_NONE, MAP_PRIVATE|MAP_ANONYMOUS|MAP_NORESERVE, -1, 0) = 0x1b6b3f0c0000
34724 munmap(0x1b6b3f100000, 258048)    = 0
34724 mprotect(0x1b6b3f0c0000, 262144, PROT_READ|PROT_WRITE) = 0
34724 mmap(NULL, 135168, PROT_READ|PROT_WRITE, MAP_PRIVATE|MAP_ANONYMOUS, -1, 0) = 0x7f46c04a2000
34724 mmap(NULL, 135168, PROT_READ|PROT_WRITE, MAP_PRIVATE|MAP_ANONYMOUS, -1, 0) = 0x7f46be2fe000
34724 brk(0x5638a396e000)               = 0x5638a396e000
34724 mmap(NULL, 135168, PROT_READ|PROT_WRITE, MAP_PRIVATE|MAP_ANONYMOUS, -1, 0) = 0x7f46be2dd000
34724 mmap(0x109452500000, 520192, PROT_NONE, MAP_PRIVATE|MAP_ANONYMOUS|MAP_NORESERVE, -1, 0) = 0x109452500000
34724 munmap(0x109452540000, 258048)    = 0
34724 mprotect(0x109452500000, 262144, PROT_READ|PROT_WRITE) = 0
